I'm sorry, but errors were detected in your script. Please correct the
errors listed below, and try again.


The label kole_1_sorry is defined twice, at File "game/script.rpy", line 889:
        label kole_1_sorry:
and File "game/script.rpy", line 920:
        label kole_1_sorry:


Ren'Py Version: Ren'Py 8.0.3.22090809
Wed Nov 30 23:21:42 2022
